abhishek 1

animesh 1
abhishek 1

animesh 1
abhishek 2

